INFO] 2025-11-10 20:02:59,109 - __main__ - Test the custom logger
INFO] 2025-11-11 10:43:35,766 - __main__ - Test the custom logger
INFO] 2025-11-11 10:45:24,659 - __main__ - Test the custom logger
